<1,CLASS,class>
<1,ID,Human>
<1,LBRACE,{>
<2,VTYPE,String>
<2,ID,name>
<2,ASSIGN,=>
<2,LITERAL,"jiho">
<2,SEMI,;>
<3,VTYPE,int>
<3,ID,age>
<3,ASSIGN,=>
<3,NUM,25>
<3,SEMI,;>
<4,VTYPE,char>
<4,ID,gender>
<4,ASSIGN,=>
<4,CHARACTER,'m'>
<4,SEMI,;>
<6,VTYPE,int>
<6,ID,getNumber>
<6,LPAREN,(>
<6,RPAREN,)>
<6,LBRACE,{>
<7,RETURN,return>
<7,ID,age>
<7,SEMI,;>
<8,RBRACE,}>
<9,RBRACE,}>
