<1,VTYPE,int>
<1,ID,func>
<1,LPAREN,(>
<1,VTYPE,int>
<1,ID,name>
<1,COMMA,,>
<1,VTYPE,String>
<1,ID,str>
<1,RPAREN,)>
<1,LBRACE,{>
<2,IF,if>
<2,LPAREN,(>
<2,BOOLSTR,true>
<2,RPAREN,)>
<2,LBRACE,{>
<3,RETURN,return>
<3,NUM,0>
<3,SEMI,;>
<4,RBRACE,}>
<5,ELSE,else>
<5,LBRACE,{>
<6,RETURN,return>
<6,NUM,1>
<6,SEMI,;>
<7,RBRACE,}>
<8,RBRACE,}>
