<1,VTYPE,char>
<1,ID,function_test>
<1,LPAREN,(>
<1,RPAREN,)>
<1,LBRACE,{>
<2,IF,if>
<2,LPAREN,(>
<2,NUM,3>
<2,COMP,>>
<2,NUM,2>
<2,RPAREN,)>
<2,LBRACE,{>
<3,VTYPE,int>
<3,ID,num>
<3,ASSIGN,=>
<3,NUM,0>
<3,SEMI,;>
<4,RBRACE,}>
<5,RETURN,return>
<5,CHARACTER,'1'>
<5,SEMI,;>
<6,RBRACE,}>
