<1,VTYPE,int>
<1,ID,name>
<1,ASSIGN,=>
<1,NUM,1>
<1,SEMI,;>
<2,VTYPE,int>
<2,ID,name1>
<2,ASSIGN,=>
<2,ID,name>
<2,OP,*>
<2,NUM,3>
<2,OP,/>
<2,NUM,2>
<2,SEMI,;>
<3,VTYPE,int>
<3,ID,name2>
<3,ASSIGN,=>
<3,LPAREN,(>
<3,ID,name1>
<3,OP,*>
<3,NUM,2>
<3,RPAREN,)>
<3,OP,/>
<3,LPAREN,(>
<3,ID,name>
<3,OP,+>
<3,NUM,2>
<3,RPAREN,)>
<3,SEMI,;>
<4,VTYPE,int>
<4,ID,fun1>
<4,LPAREN,(>
<4,VTYPE,int>
<4,ID,name>
<4,COMMA,,>
<4,VTYPE,int>
<4,ID,name1>
<4,COMMA,,>
<4,VTYPE,int>
<4,ID,name2>
<4,RPAREN,)>
<4,LBRACE,{>
<5,IF,if>
<5,LPAREN,(>
<5,BOOLSTR,true>
<5,COMP,>>
<5,BOOLSTR,true>
<5,COMP,>>
<5,BOOLSTR,true>
<5,RPAREN,)>
<5,LBRACE,{>
<6,ID,name>
<6,ASSIGN,=>
<6,ID,name2>
<6,SEMI,;>
<7,RBRACE,}>
<8,RETURN,return>
<8,ID,name>
<8,SEMI,;>
<9,RBRACE,}>
