<1,VTYPE,String>
<1,ID,getStatus>
<1,LPAREN,(>
<1,VTYPE,int>
<1,ID,age>
<1,RPAREN,)>
<1,LBRACE,{>
<2,VTYPE,String>
<2,ID,status>
<2,SEMI,;>
<3,IF,if>
<3,LPAREN,(>
<3,BOOLSTR,true>
<3,RPAREN,)>
<3,LBRACE,{>
<4,ID,status>
<4,ASSIGN,=>
<4,LITERAL,"old">
<4,SEMI,;>
<5,RBRACE,}>
<6,ELSE,else>
<6,LBRACE,{>
<7,ID,status>
<7,ASSIGN,=>
<7,LITERAL,"young">
<7,SEMI,;>
<8,RBRACE,}>
<9,RETURN,return>
<9,ID,status>
<9,SEMI,;>
<10,RBRACE,}>
